Info: Starting: Create block symbol file (.bsf)
Info: qsys-generate D:\Works\Altera\olive-piccolo\olive_std_core.qsys --block-symbol-file --output-directory=D:\Works\Altera\olive-piccolo\olive_std_core --family="MAX 10" --part=10M08SAE144C8G
Progress: Loading olive-piccolo/olive_std_core.qsys
Progress: Reading input file
Progress: Adding core_clk [clock_source 16.1]
Progress: Parameterizing module core_clk
Progress: Adding core_reset [altera_reset_bridge 16.1]
Progress: Parameterizing module core_reset
Progress: Adding i2c [peridot_i2c_master 16.1]
Progress: Parameterizing module i2c
Progress: Adding nios2_fast [altera_nios2_gen2 16.1]
Progress: Parameterizing module nios2_fast
Progress: Adding peri_clk [clock_source 16.1]
Progress: Parameterizing module peri_clk
Progress: Adding peri_reset [altera_reset_bridge 16.1]
Progress: Parameterizing module peri_reset
Progress: Adding peridot_hostbridge [peridot_hostbridge 16.1]
Progress: Parameterizing module peridot_hostbridge
Progress: Adding peripheral_bridge [altera_avalon_mm_bridge 16.1]
Progress: Parameterizing module peripheral_bridge
Progress: Adding pfc [peridot_pfc_interface 16.1]
Progress: Parameterizing module pfc
Progress: Adding sdram [altera_avalon_new_sdram_controller 16.1]
Progress: Parameterizing module sdram
Progress: Adding servo [peridot_servo 16.1]
Progress: Parameterizing module servo
Progress: Adding spi [peridot_spi_master 16.1]
Progress: Parameterizing module spi
Progress: Adding systimer [altera_avalon_timer 16.1]
Progress: Parameterizing module systimer
Progress: Adding uart0 [altera_avalon_uart 16.1]
Progress: Parameterizing module uart0
Progress: Adding uart1 [altera_avalon_uart 16.1]
Progress: Parameterizing module uart1
Progress: Adding ufm [altera_onchip_flash 16.1]
Progress: Parameterizing module ufm
Progress: Building connections
Progress: Parameterizing connections
Progress: Validating
Progress: Done reading input file
Info: olive_std_core.peridot_hostbridge: Time code and clock rate will be automatically updated when this component is generated.
Info: olive_std_core.sdram: SDRAM Controller will only be supported in Quartus Prime Standard Edition in the future release.
Info: qsys-generate succeeded.
Info: Finished: Create block symbol file (.bsf)
Info: 
Info: Starting: Create HDL design files for synthesis
Info: qsys-generate D:\Works\Altera\olive-piccolo\olive_std_core.qsys --synthesis=VERILOG --output-directory=D:\Works\Altera\olive-piccolo\olive_std_core\synthesis --family="MAX 10" --part=10M08SAE144C8G
Progress: Loading olive-piccolo/olive_std_core.qsys
Progress: Reading input file
Progress: Adding core_clk [clock_source 16.1]
Progress: Parameterizing module core_clk
Progress: Adding core_reset [altera_reset_bridge 16.1]
Progress: Parameterizing module core_reset
Progress: Adding i2c [peridot_i2c_master 16.1]
Progress: Parameterizing module i2c
Progress: Adding nios2_fast [altera_nios2_gen2 16.1]
Progress: Parameterizing module nios2_fast
Progress: Adding peri_clk [clock_source 16.1]
Progress: Parameterizing module peri_clk
Progress: Adding peri_reset [altera_reset_bridge 16.1]
Progress: Parameterizing module peri_reset
Progress: Adding peridot_hostbridge [peridot_hostbridge 16.1]
Progress: Parameterizing module peridot_hostbridge
Progress: Adding peripheral_bridge [altera_avalon_mm_bridge 16.1]
Progress: Parameterizing module peripheral_bridge
Progress: Adding pfc [peridot_pfc_interface 16.1]
Progress: Parameterizing module pfc
Progress: Adding sdram [altera_avalon_new_sdram_controller 16.1]
Progress: Parameterizing module sdram
Progress: Adding servo [peridot_servo 16.1]
Progress: Parameterizing module servo
Progress: Adding spi [peridot_spi_master 16.1]
Progress: Parameterizing module spi
Progress: Adding systimer [altera_avalon_timer 16.1]
Progress: Parameterizing module systimer
Progress: Adding uart0 [altera_avalon_uart 16.1]
Progress: Parameterizing module uart0
Progress: Adding uart1 [altera_avalon_uart 16.1]
Progress: Parameterizing module uart1
Progress: Adding ufm [altera_onchip_flash 16.1]
Progress: Parameterizing module ufm
Progress: Building connections
Progress: Parameterizing connections
Progress: Validating
Progress: Done reading input file
Info: olive_std_core.peridot_hostbridge: Time code and clock rate will be automatically updated when this component is generated.
Info: olive_std_core.sdram: SDRAM Controller will only be supported in Quartus Prime Standard Edition in the future release.
Info: olive_std_core: Generating olive_std_core "olive_std_core" for QUARTUS_SYNTH
Info: Inserting clock-crossing logic between cmd_demux.src2 and cmd_mux_002.sink0
Info: Inserting clock-crossing logic between cmd_demux_002.src0 and cmd_mux_002.sink1
Info: Inserting clock-crossing logic between rsp_demux_002.src0 and rsp_mux.sink2
Info: Inserting clock-crossing logic between rsp_demux_002.src1 and rsp_mux_002.sink0
Info: i2c: "olive_std_core" instantiated peridot_i2c_master "i2c"
Info: nios2_fast: "olive_std_core" instantiated altera_nios2_gen2 "nios2_fast"
Info: peridot_hostbridge: generating top-level entity peridot_hostbridge
Info: peridot_hostbridge: "olive_std_core" instantiated peridot_hostbridge "peridot_hostbridge"
Info: peripheral_bridge: "olive_std_core" instantiated altera_avalon_mm_bridge "peripheral_bridge"
Info: pfc: "olive_std_core" instantiated peridot_pfc_interface "pfc"
Info: sdram: Starting RTL generation for module 'olive_std_core_sdram'
Info: sdram:   Generation command is [exec C:/altera/16.1/quartus/bin64/perl/bin/perl.exe -I C:/altera/16.1/quartus/bin64/perl/lib -I C:/altera/16.1/quartus/sopc_builder/bin/europa -I C:/altera/16.1/quartus/sopc_builder/bin/perl_lib -I C:/altera/16.1/quartus/sopc_builder/bin -I C:/altera/16.1/quartus/../ip/altera/sopc_builder_ip/common -I C:/altera/16.1/quartus/../ip/altera/sopc_builder_ip/altera_avalon_new_sdram_controller -- C:/altera/16.1/quartus/../ip/altera/sopc_builder_ip/altera_avalon_new_sdram_controller/generate_rtl.pl --name=olive_std_core_sdram --dir=R:/Temp/alt7356_3773690770731095870.dir/0005_sdram_gen/ --quartus_dir=C:/altera/16.1/quartus --verilog --config=R:/Temp/alt7356_3773690770731095870.dir/0005_sdram_gen//olive_std_core_sdram_component_configuration.pl  --do_build_sim=0  ]
Info: sdram: Done RTL generation for module 'olive_std_core_sdram'
Info: sdram: "olive_std_core" instantiated altera_avalon_new_sdram_controller "sdram"
Info: servo: "olive_std_core" instantiated peridot_servo "servo"
Info: spi: "olive_std_core" instantiated peridot_spi_master "spi"
Info: Reusing file D:/Works/Altera/olive-piccolo/olive_std_core/synthesis/submodules/peridot_csr_spi.v
Info: systimer: Starting RTL generation for module 'olive_std_core_systimer'
Info: systimer:   Generation command is [exec C:/altera/16.1/quartus/bin64//perl/bin/perl.exe -I C:/altera/16.1/quartus/bin64//perl/lib -I C:/altera/16.1/quartus/sopc_builder/bin/europa -I C:/altera/16.1/quartus/sopc_builder/bin/perl_lib -I C:/altera/16.1/quartus/sopc_builder/bin -I C:/altera/16.1/quartus/../ip/altera/sopc_builder_ip/common -I C:/altera/16.1/quartus/../ip/altera/sopc_builder_ip/altera_avalon_timer -- C:/altera/16.1/quartus/../ip/altera/sopc_builder_ip/altera_avalon_timer/generate_rtl.pl --name=olive_std_core_systimer --dir=R:/Temp/alt7356_3773690770731095870.dir/0008_systimer_gen/ --quartus_dir=C:/altera/16.1/quartus --verilog --config=R:/Temp/alt7356_3773690770731095870.dir/0008_systimer_gen//olive_std_core_systimer_component_configuration.pl  --do_build_sim=0  ]
Info: systimer: Done RTL generation for module 'olive_std_core_systimer'
Info: systimer: "olive_std_core" instantiated altera_avalon_timer "systimer"
Info: uart0: Starting RTL generation for module 'olive_std_core_uart0'
Info: uart0:   Generation command is [exec C:/altera/16.1/quartus/bin64/perl/bin/perl.exe -I C:/altera/16.1/quartus/bin64/perl/lib -I C:/altera/16.1/quartus/sopc_builder/bin/europa -I C:/altera/16.1/quartus/sopc_builder/bin/perl_lib -I C:/altera/16.1/quartus/sopc_builder/bin -I C:/altera/16.1/quartus/../ip/altera/sopc_builder_ip/common -I C:/altera/16.1/quartus/../ip/altera/sopc_builder_ip/altera_avalon_uart -- C:/altera/16.1/quartus/../ip/altera/sopc_builder_ip/altera_avalon_uart/generate_rtl.pl --name=olive_std_core_uart0 --dir=R:/Temp/alt7356_3773690770731095870.dir/0009_uart0_gen/ --quartus_dir=C:/altera/16.1/quartus --verilog --config=R:/Temp/alt7356_3773690770731095870.dir/0009_uart0_gen//olive_std_core_uart0_component_configuration.pl  --do_build_sim=0  ]
Info: uart0: Done RTL generation for module 'olive_std_core_uart0'
Info: uart0: "olive_std_core" instantiated altera_avalon_uart "uart0"
Info: ufm: Generating top-level entity altera_onchip_flash
Info: ufm: "olive_std_core" instantiated altera_onchip_flash "ufm"
Info: avalon_st_adapter: Inserting error_adapter: error_adapter_0
Info: avalon_st_adapter_001: Inserting error_adapter: error_adapter_0
Info: avalon_st_adapter_002: Inserting error_adapter: error_adapter_0
Info: avalon_st_adapter_003: Inserting error_adapter: error_adapter_0
Info: mm_interconnect_0: "olive_std_core" instantiated altera_mm_interconnect "mm_interconnect_0"
Info: avalon_st_adapter: Inserting error_adapter: error_adapter_0
Info: avalon_st_adapter_001: Inserting error_adapter: error_adapter_0
Info: avalon_st_adapter_002: Inserting error_adapter: error_adapter_0
Info: avalon_st_adapter_003: Inserting error_adapter: error_adapter_0
Info: avalon_st_adapter_004: Inserting error_adapter: error_adapter_0
Info: avalon_st_adapter_005: Inserting error_adapter: error_adapter_0
Info: avalon_st_adapter_006: Inserting error_adapter: error_adapter_0
Info: avalon_st_adapter_007: Inserting error_adapter: error_adapter_0
Info: mm_interconnect_1: "olive_std_core" instantiated altera_mm_interconnect "mm_interconnect_1"
Info: irq_mapper: "olive_std_core" instantiated altera_irq_mapper "irq_mapper"
Info: irq_synchronizer: "olive_std_core" instantiated altera_irq_clock_crosser "irq_synchronizer"
Info: rst_controller: "olive_std_core" instantiated altera_reset_controller "rst_controller"
Info: cpu: Starting RTL generation for module 'olive_std_core_nios2_fast_cpu'
Info: cpu:   Generation command is [exec C:/altera/16.1/quartus/bin64//eperlcmd.exe -I C:/altera/16.1/quartus/bin64//perl/lib -I C:/altera/16.1/quartus/sopc_builder/bin/europa -I C:/altera/16.1/quartus/sopc_builder/bin/perl_lib -I C:/altera/16.1/quartus/sopc_builder/bin -I C:/altera/16.1/quartus/../ip/altera/nios2_ip/altera_nios2_gen2/cpu_lib -I C:/altera/16.1/quartus/../ip/altera/nios2_ip/altera_nios2_gen2/nios_lib -I C:/altera/16.1/quartus/../ip/altera/nios2_ip/altera_nios2_gen2 -I C:/altera/16.1/quartus/../ip/altera/nios2_ip/altera_nios2_gen2 -- C:/altera/16.1/quartus/../ip/altera/nios2_ip/altera_nios2_gen2/generate_rtl.epl --name=olive_std_core_nios2_fast_cpu --dir=R:/Temp/alt7356_3773690770731095870.dir/0014_cpu_gen/ --quartus_bindir=C:/altera/16.1/quartus/bin64/ --verilog --config=R:/Temp/alt7356_3773690770731095870.dir/0014_cpu_gen//olive_std_core_nios2_fast_cpu_processor_configuration.pl  --do_build_sim=0  ]
Info: cpu: # 2017.07.09 22:57:45 (*) Starting Nios II generation
Info: cpu: # 2017.07.09 22:57:45 (*)   Checking for plaintext license.
Info: cpu: # 2017.07.09 22:57:46 (*)   Plaintext license not found.
Info: cpu: # 2017.07.09 22:57:46 (*)   Checking for encrypted license (non-evaluation).
Info: cpu: # 2017.07.09 22:57:47 (*)   Encrypted license found.  SOF will not be time-limited.
Info: cpu: # 2017.07.09 22:57:47 (*)   Elaborating CPU configuration settings
Info: cpu: # 2017.07.09 22:57:47 (*)   Creating all objects for CPU
Info: cpu: # 2017.07.09 22:57:47 (*)     Testbench
Info: cpu: # 2017.07.09 22:57:47 (*)     Instruction decoding
Info: cpu: # 2017.07.09 22:57:47 (*)       Instruction fields
Info: cpu: # 2017.07.09 22:57:48 (*)       Instruction decodes
Info: cpu: # 2017.07.09 22:57:48 (*)       Signals for RTL simulation waveforms
Info: cpu: # 2017.07.09 22:57:48 (*)       Instruction controls
Info: cpu: # 2017.07.09 22:57:48 (*)     Pipeline frontend
Info: cpu: # 2017.07.09 22:57:48 (*)     Pipeline backend
Info: cpu: # 2017.07.09 22:57:52 (*)   Generating RTL from CPU objects
Info: cpu: # 2017.07.09 22:57:54 (*)   Creating encrypted RTL
Info: cpu: # 2017.07.09 22:57:55 (*) Done Nios II generation
Info: cpu: Done RTL generation for module 'olive_std_core_nios2_fast_cpu'
Info: cpu: "nios2_fast" instantiated altera_nios2_gen2_unit "cpu"
Info: nios2_fast_data_master_translator: "mm_interconnect_0" instantiated altera_merlin_master_translator "nios2_fast_data_master_translator"
Info: ufm_data_translator: "mm_interconnect_0" instantiated altera_merlin_slave_translator "ufm_data_translator"
Info: nios2_fast_data_master_agent: "mm_interconnect_0" instantiated altera_merlin_master_agent "nios2_fast_data_master_agent"
Info: ufm_data_agent: "mm_interconnect_0" instantiated altera_merlin_slave_agent "ufm_data_agent"
Info: ufm_data_agent_rsp_fifo: "mm_interconnect_0" instantiated altera_avalon_sc_fifo "ufm_data_agent_rsp_fifo"
Info: router: "mm_interconnect_0" instantiated altera_merlin_router "router"
Info: router_001: "mm_interconnect_0" instantiated altera_merlin_router "router_001"
Info: router_002: "mm_interconnect_0" instantiated altera_merlin_router "router_002"
Info: router_003: "mm_interconnect_0" instantiated altera_merlin_router "router_003"
Info: router_005: "mm_interconnect_0" instantiated altera_merlin_router "router_005"
Info: router_006: "mm_interconnect_0" instantiated altera_merlin_router "router_006"
Info: nios2_fast_data_master_limiter: "mm_interconnect_0" instantiated altera_merlin_traffic_limiter "nios2_fast_data_master_limiter"
Info: Reusing file D:/Works/Altera/olive-piccolo/olive_std_core/synthesis/submodules/altera_avalon_sc_fifo.v
Info: sdram_s1_burst_adapter: "mm_interconnect_0" instantiated altera_merlin_burst_adapter "sdram_s1_burst_adapter"
Info: Reusing file D:/Works/Altera/olive-piccolo/olive_std_core/synthesis/submodules/altera_avalon_st_pipeline_base.v
Info: cmd_demux: "mm_interconnect_0" instantiated altera_merlin_demultiplexer "cmd_demux"
Info: cmd_demux_001: "mm_interconnect_0" instantiated altera_merlin_demultiplexer "cmd_demux_001"
Info: cmd_demux_002: "mm_interconnect_0" instantiated altera_merlin_demultiplexer "cmd_demux_002"
Info: cmd_mux: "mm_interconnect_0" instantiated altera_merlin_multiplexer "cmd_mux"
Info: cmd_mux_003: "mm_interconnect_0" instantiated altera_merlin_multiplexer "cmd_mux_003"
Info: Reusing file D:/Works/Altera/olive-piccolo/olive_std_core/synthesis/submodules/altera_merlin_arbitrator.sv
Info: rsp_demux: "mm_interconnect_0" instantiated altera_merlin_demultiplexer "rsp_demux"
Info: rsp_demux_002: "mm_interconnect_0" instantiated altera_merlin_demultiplexer "rsp_demux_002"
Info: rsp_demux_003: "mm_interconnect_0" instantiated altera_merlin_demultiplexer "rsp_demux_003"
Info: rsp_mux: "mm_interconnect_0" instantiated altera_merlin_multiplexer "rsp_mux"
Info: Reusing file D:/Works/Altera/olive-piccolo/olive_std_core/synthesis/submodules/altera_merlin_arbitrator.sv
Info: rsp_mux_001: "mm_interconnect_0" instantiated altera_merlin_multiplexer "rsp_mux_001"
Info: Reusing file D:/Works/Altera/olive-piccolo/olive_std_core/synthesis/submodules/altera_merlin_arbitrator.sv
Info: rsp_mux_002: "mm_interconnect_0" instantiated altera_merlin_multiplexer "rsp_mux_002"
Info: Reusing file D:/Works/Altera/olive-piccolo/olive_std_core/synthesis/submodules/altera_merlin_arbitrator.sv
Info: sdram_s1_rsp_width_adapter: "mm_interconnect_0" instantiated altera_merlin_width_adapter "sdram_s1_rsp_width_adapter"
Info: Reusing file D:/Works/Altera/olive-piccolo/olive_std_core/synthesis/submodules/altera_merlin_address_alignment.sv
Info: Reusing file D:/Works/Altera/olive-piccolo/olive_std_core/synthesis/submodules/altera_merlin_burst_uncompressor.sv
Info: crosser: "mm_interconnect_0" instantiated altera_avalon_st_handshake_clock_crosser "crosser"
Info: Reusing file D:/Works/Altera/olive-piccolo/olive_std_core/synthesis/submodules/altera_avalon_st_pipeline_base.v
Info: pipeline_stage: "mm_interconnect_0" instantiated altera_avalon_st_pipeline_stage "pipeline_stage"
Info: Reusing file D:/Works/Altera/olive-piccolo/olive_std_core/synthesis/submodules/altera_avalon_st_pipeline_stage.sv
Info: Reusing file D:/Works/Altera/olive-piccolo/olive_std_core/synthesis/submodules/altera_avalon_st_pipeline_base.v
Info: avalon_st_adapter: "mm_interconnect_0" instantiated altera_avalon_st_adapter "avalon_st_adapter"
Info: avalon_st_adapter_003: "mm_interconnect_0" instantiated altera_avalon_st_adapter "avalon_st_adapter_003"
Info: router: "mm_interconnect_1" instantiated altera_merlin_router "router"
Info: router_001: "mm_interconnect_1" instantiated altera_merlin_router "router_001"
Info: cmd_demux: "mm_interconnect_1" instantiated altera_merlin_demultiplexer "cmd_demux"
Info: cmd_mux: "mm_interconnect_1" instantiated altera_merlin_multiplexer "cmd_mux"
Info: Reusing file D:/Works/Altera/olive-piccolo/olive_std_core/synthesis/submodules/altera_merlin_arbitrator.sv
Info: rsp_demux: "mm_interconnect_1" instantiated altera_merlin_demultiplexer "rsp_demux"
Info: rsp_mux: "mm_interconnect_1" instantiated altera_merlin_multiplexer "rsp_mux"
Info: Reusing file D:/Works/Altera/olive-piccolo/olive_std_core/synthesis/submodules/altera_merlin_arbitrator.sv
Info: error_adapter_0: "avalon_st_adapter" instantiated error_adapter "error_adapter_0"
Info: error_adapter_0: "avalon_st_adapter_003" instantiated error_adapter "error_adapter_0"
Info: olive_std_core: Done "olive_std_core" with 55 modules, 107 files
Info: qsys-generate succeeded.
Info: Finished: Create HDL design files for synthesis
